Picked up JAVA_TOOL_OPTIONS: -Dhttps.proxyHost=proxy -Dhttps.proxyPort=8080 -Dhttp.proxyHost=proxy -Dhttp.proxyPort=8080 -Djavax.net.ssl.trustStore=/etc/ssl/certs/java/cacerts
To honour the JVM settings for this build a single-use Daemon process will be forked. For more on this, please refer to https://docs.gradle.org/9.6.0/userguide/gradle_daemon.html#sec:disabling_the_daemon in the Gradle documentation.
Daemon will be stopped at the end of the build 
> Task :app:preBuild UP-TO-DATE
> Task :app:preDebugBuild UP-TO-DATE
> Task :app:generateDebugResources UP-TO-DATE
> Task :app:packageDebugResources UP-TO-DATE
> Task :app:processDebugNavigationResources UP-TO-DATE
> Task :app:parseDebugLocalResources UP-TO-DATE
> Task :app:generateDebugRFile UP-TO-DATE
> Task :app:javaPreCompileDebug UP-TO-DATE
> Task :app:checkDebugAarMetadata UP-TO-DATE
> Task :app:mapDebugSourceSetPaths UP-TO-DATE
> Task :app:compileDebugNavigationResources UP-TO-DATE
> Task :app:mergeDebugResources UP-TO-DATE
> Task :app:createDebugCompatibleScreenManifests UP-TO-DATE
> Task :app:extractDeepLinksDebug UP-TO-DATE
> Task :app:processDebugMainManifest UP-TO-DATE
> Task :app:processDebugManifest UP-TO-DATE
> Task :app:processDebugManifestForPackage UP-TO-DATE
> Task :app:processDebugResources UP-TO-DATE
> Task :app:preDebugAndroidTestBuild SKIPPED
> Task :app:generateDebugAndroidTestResources UP-TO-DATE
> Task :app:packageDebugAndroidTestResources UP-TO-DATE
> Task :app:processDebugAndroidTestNavigationResources UP-TO-DATE
> Task :app:parseDebugAndroidTestLocalResources UP-TO-DATE
> Task :app:generateDebugAndroidTestRFile UP-TO-DATE
> Task :app:javaPreCompileDebugAndroidTest UP-TO-DATE
> Task :app:preDebugUnitTestBuild UP-TO-DATE
> Task :app:javaPreCompileDebugUnitTest UP-TO-DATE
> Task :app:generateDebugAssets UP-TO-DATE
> Task :app:mergeDebugAssets UP-TO-DATE
> Task :app:packageDebugUnitTestForUnitTest UP-TO-DATE
> Task :app:mergeDebugUnitTestManifest UP-TO-DATE
> Task :app:processDebugUnitTestManifest UP-TO-DATE
> Task :app:generateDebugUnitTestConfig UP-TO-DATE
> Task :app:extractProguardFiles UP-TO-DATE
> Task :app:mergeDebugNativeDebugMetadata NO-SOURCE
> Task :app:compressDebugAssets UP-TO-DATE
> Task :app:generateDebugGlobalSynthetics UP-TO-DATE
> Task :app:l8DexDesugarLibDebug UP-TO-DATE
> Task :app:checkDebugDuplicateClasses UP-TO-DATE
> Task :app:desugarDebugFileDependencies UP-TO-DATE
> Task :app:mergeExtDexDebug UP-TO-DATE
> Task :app:mergeLibDexDebug UP-TO-DATE
> Task :app:mergeDebugJniLibFolders UP-TO-DATE
> Task :app:mergeDebugNativeLibs UP-TO-DATE
> Task :app:stripDebugDebugSymbols UP-TO-DATE
> Task :app:validateSigningDebug UP-TO-DATE
> Task :app:writeDebugAppMetadata UP-TO-DATE
> Task :app:writeDebugSigningConfigVersions UP-TO-DATE
> Task :app:copyRoomSchemasToAndroidTestAssetsDebugAndroidTest UP-TO-DATE
> Task :app:generateDebugAndroidTestAssets UP-TO-DATE
> Task :app:mergeDebugAndroidTestAssets UP-TO-DATE
> Task :app:compressDebugAndroidTestAssets UP-TO-DATE
> Task :app:generateDebugAndroidTestGlobalSynthetics UP-TO-DATE
> Task :app:checkDebugAndroidTestDuplicateClasses UP-TO-DATE
> Task :app:desugarDebugAndroidTestFileDependencies UP-TO-DATE
> Task :app:mergeExtDexDebugAndroidTest UP-TO-DATE
> Task :app:mergeLibDexDebugAndroidTest UP-TO-DATE
> Task :app:checkDebugAndroidTestAarMetadata UP-TO-DATE
> Task :app:mapDebugAndroidTestSourceSetPaths UP-TO-DATE
> Task :app:compileDebugAndroidTestNavigationResources UP-TO-DATE
> Task :app:mergeDebugAndroidTestResources UP-TO-DATE
> Task :app:mergeDebugAndroidTestManifest UP-TO-DATE
> Task :app:processDebugAndroidTestManifest UP-TO-DATE
> Task :app:processDebugAndroidTestResources UP-TO-DATE
> Task :app:mergeDebugAndroidTestJniLibFolders UP-TO-DATE
> Task :app:mergeDebugAndroidTestNativeLibs NO-SOURCE
> Task :app:stripDebugAndroidTestDebugSymbols NO-SOURCE
> Task :app:validateSigningDebugAndroidTest UP-TO-DATE
> Task :app:writeDebugAndroidTestSigningConfigVersions UP-TO-DATE
> Task :app:kspDebugKotlin
> Task :app:compileDebugKotlin
w: file:///workspace/Veil-Reader/app/src/main/java/com/veilreader/app/data/manga/RoomMangaStores.kt:55:31 The corresponding parameter in the supertype 'MangaProgressStore' is named 'progress'. This may cause problems when calling this function with named arguments.
w: file:///workspace/Veil-Reader/app/src/main/java/com/veilreader/app/ui/screens/PaperCurlDraw.kt:349:9 'fun asFrameworkPaint(): Paint' is deprecated. Use platform-specific extension to get platform reference.
w: file:///workspace/Veil-Reader/app/src/main/java/com/veilreader/app/ui/screens/PaperCurlDraw.kt:386:19 'fun asFrameworkPaint(): Paint' is deprecated. Use platform-specific extension to get platform reference.
w: file:///workspace/Veil-Reader/app/src/main/java/com/veilreader/app/ui/screens/PaperCurlInputListener.kt:34:28 This API is still experimental. It might change in the future without notice.
w: file:///workspace/Veil-Reader/app/src/main/java/com/veilreader/app/ui/screens/PaperCurlInputListener.kt:42:5 This API is still experimental. It might change in the future without notice.
w: file:///workspace/Veil-Reader/app/src/main/java/com/veilreader/app/ui/screens/PaperCurlInputListener.kt:73:27 This API is still experimental. It might change in the future without notice.
w: file:///workspace/Veil-Reader/app/src/main/java/com/veilreader/app/ui/screens/PaperCurlInputListener.kt:73:37 This API is still experimental. It might change in the future without notice.
w: file:///workspace/Veil-Reader/app/src/main/java/com/veilreader/app/ui/screens/PaperCurlInputListener.kt:73:46 This API is still experimental. It might change in the future without notice.
w: file:///workspace/Veil-Reader/app/src/main/java/com/veilreader/app/ui/screens/PaperCurlInputListener.kt:73:52 This API is still experimental. It might change in the future without notice.
w: file:///workspace/Veil-Reader/app/src/main/java/com/veilreader/app/ui/screens/PaperCurlInputListener.kt:96:48 This API is still experimental. It might change in the future without notice.
w: file:///workspace/Veil-Reader/app/src/main/java/com/veilreader/app/ui/screens/PaperCurlInputListener.kt:96:58 This API is still experimental. It might change in the future without notice.
w: file:///workspace/Veil-Reader/app/src/main/java/com/veilreader/app/ui/screens/PaperCurlInputListener.kt:96:67 This API is still experimental. It might change in the future without notice.
w: file:///workspace/Veil-Reader/app/src/main/java/com/veilreader/app/ui/screens/PaperCurlInputListener.kt:96:73 This API is still experimental. It might change in the future without notice.
w: file:///workspace/Veil-Reader/app/src/main/java/com/veilreader/app/ui/screens/PaperCurlInputListener.kt:105:28 This API is still experimental. It might change in the future without notice.
w: file:///workspace/Veil-Reader/app/src/main/java/com/veilreader/app/ui/screens/PaperCurlInputListener.kt:105:38 This API is still experimental. It might change in the future without notice.
w: file:///workspace/Veil-Reader/app/src/main/java/com/veilreader/app/ui/screens/PaperCurlInputListener.kt:203:20 This API is still experimental. It might change in the future without notice.
w: file:///workspace/Veil-Reader/app/src/main/java/com/veilreader/app/ui/screens/PaperCurlInputListener.kt:203:30 This API is still experimental. It might change in the future without notice.
w: file:///workspace/Veil-Reader/app/src/main/java/com/veilreader/app/ui/screens/PaperCurlInputListener.kt:337:28 This API is still experimental. It might change in the future without notice.
w: file:///workspace/Veil-Reader/app/src/main/java/com/veilreader/app/ui/screens/PaperCurlInputListener.kt:337:38 This API is still experimental. It might change in the future without notice.
w: file:///workspace/Veil-Reader/app/src/main/java/com/veilreader/app/ui/screens/PaperCurlInputListener.kt:347:21 This API is still experimental. It might change in the future without notice.
w: file:///workspace/Veil-Reader/app/src/main/java/com/veilreader/app/ui/screens/PaperCurlInputListener.kt:347:31 This API is still experimental. It might change in the future without notice.
w: file:///workspace/Veil-Reader/app/src/main/java/com/veilreader/app/ui/screens/PaperCurlInputListener.kt:397:13 This API is still experimental. It might change in the future without notice.
w: file:///workspace/Veil-Reader/app/src/main/java/com/veilreader/app/ui/screens/PaperCurlInputListener.kt:397:23 This API is still experimental. It might change in the future without notice.
w: file:///workspace/Veil-Reader/app/src/main/java/com/veilreader/app/ui/screens/PaperCurlInputListener.kt:421:31 This API is still experimental. It might change in the future without notice.
w: file:///workspace/Veil-Reader/app/src/main/java/com/veilreader/app/ui/screens/PaperCurlInputListener.kt:421:41 This API is still experimental. It might change in the future without notice.
w: file:///workspace/Veil-Reader/app/src/main/java/com/veilreader/app/ui/screens/PaperCurlInputListener.kt:421:50 This API is still experimental. It might change in the future without notice.
w: file:///workspace/Veil-Reader/app/src/main/java/com/veilreader/app/ui/screens/PaperCurlInputListener.kt:421:56 This API is still experimental. It might change in the future without notice.
w: file:///workspace/Veil-Reader/app/src/main/java/com/veilreader/app/ui/screens/PaperCurlInputListener.kt:428:20 This API is still experimental. It might change in the future without notice.
w: file:///workspace/Veil-Reader/app/src/main/java/com/veilreader/app/ui/screens/PaperCurlInputListener.kt:428:30 This API is still experimental. It might change in the future without notice.
w: file:///workspace/Veil-Reader/app/src/main/java/com/veilreader/app/ui/screens/PaperCurlInputListener.kt:446:31 This API is still experimental. It might change in the future without notice.
w: file:///workspace/Veil-Reader/app/src/main/java/com/veilreader/app/ui/screens/PaperCurlInputListener.kt:446:41 This API is still experimental. It might change in the future without notice.
w: file:///workspace/Veil-Reader/app/src/main/java/com/veilreader/app/ui/screens/PaperCurlInputListener.kt:446:50 This API is still experimental. It might change in the future without notice.
w: file:///workspace/Veil-Reader/app/src/main/java/com/veilreader/app/ui/screens/PaperCurlInputListener.kt:446:56 This API is still experimental. It might change in the future without notice.
w: file:///workspace/Veil-Reader/app/src/main/java/com/veilreader/app/ui/screens/PaperCurlInputListener.kt:453:10 This API is still experimental. It might change in the future without notice.
w: file:///workspace/Veil-Reader/app/src/main/java/com/veilreader/app/ui/screens/PaperCurlInputListener.kt:453:20 This API is still experimental. It might change in the future without notice.
w: file:///workspace/Veil-Reader/app/src/main/java/com/veilreader/app/ui/screens/PaperCurlInputListener.kt:453:29 This API is still experimental. It might change in the future without notice.
w: file:///workspace/Veil-Reader/app/src/main/java/com/veilreader/app/ui/screens/PaperCurlInputListener.kt:453:35 This API is still experimental. It might change in the future without notice.
w: file:///workspace/Veil-Reader/app/src/main/java/com/veilreader/app/ui/screens/PaperCurlInputListener.kt:456:20 This API is still experimental. It might change in the future without notice.
w: file:///workspace/Veil-Reader/app/src/main/java/com/veilreader/app/ui/screens/PaperCurlInputListener.kt:456:30 This API is still experimental. It might change in the future without notice.
w: file:///workspace/Veil-Reader/app/src/main/java/com/veilreader/app/ui/screens/PaperCurlInputListener.kt:490:17 This API is still experimental. It might change in the future without notice.
w: file:///workspace/Veil-Reader/app/src/main/java/com/veilreader/app/ui/screens/PaperCurlInputListener.kt:490:27 This API is still experimental. It might change in the future without notice.
w: file:///workspace/Veil-Reader/app/src/main/java/com/veilreader/app/ui/screens/PaperCurlInputListener.kt:492:17 This API is still experimental. It might change in the future without notice.
w: file:///workspace/Veil-Reader/app/src/main/java/com/veilreader/app/ui/screens/PaperCurlInputListener.kt:492:27 This API is still experimental. It might change in the future without notice.
w: file:///workspace/Veil-Reader/app/src/main/java/com/veilreader/app/ui/screens/SettingsScreen.kt:424:55 Redundant call of conversion method.

> Task :app:compileDebugJavaWithJavac UP-TO-DATE
> Task :app:bundleDebugClassesToCompileJar
> Task :app:bundleDebugClassesToRuntimeJar
> Task :app:kspDebugAndroidTestKotlin
> Task :app:kspDebugUnitTestKotlin
> Task :app:compileDebugAndroidTestKotlin
> Task :app:compileDebugAndroidTestJavaWithJavac NO-SOURCE
> Task :app:processDebugJavaRes UP-TO-DATE
> Task :app:compileDebugUnitTestKotlin
> Task :app:generateDebugAndroidTestLintModel
> Task :app:compileDebugUnitTestJavaWithJavac UP-TO-DATE
> Task :app:copyRoomSchemas NO-SOURCE
> Task :app:processDebugUnitTestJavaRes UP-TO-DATE

> Task :app:testDebugUnitTest
Picked up JAVA_TOOL_OPTIONS: -Dhttps.proxyHost=proxy -Dhttps.proxyPort=8080 -Dhttp.proxyHost=proxy -Dhttp.proxyPort=8080 -Djavax.net.ssl.trustStore=/etc/ssl/certs/java/cacerts

> Task :app:generateDebugLintReportModel
> Task :app:generateDebugUnitTestLintModel
> Task :app:lintAnalyzeDebug
> Task :app:lintAnalyzeDebugAndroidTest
> Task :app:lintAnalyzeDebugUnitTest
> Task :app:mergeDebugJavaResource UP-TO-DATE
> Task :app:dexBuilderDebug
> Task :app:mergeProjectDexDebug
> Task :app:packageDebug
> Task :app:createDebugApkListingFileRedirect UP-TO-DATE
> Task :app:assembleDebug
> Task :app:processDebugAndroidTestJavaRes UP-TO-DATE
> Task :app:mergeDebugAndroidTestJavaResource UP-TO-DATE
> Task :app:dexBuilderDebugAndroidTest UP-TO-DATE
> Task :app:mergeProjectDexDebugAndroidTest UP-TO-DATE
> Task :app:packageDebugAndroidTest UP-TO-DATE
> Task :app:createDebugAndroidTestApkListingFileRedirect UP-TO-DATE
> Task :app:assembleDebugAndroidTest UP-TO-DATE

> Task :app:lintReportDebug
Wrote HTML report to file:///workspace/Veil-Reader/app/build/reports/lint-results-debug.html
Wrote SARIF report to file:///workspace/Veil-Reader/app/build/reports/lint-results-debug.sarif

> Task :app:lintDebug

BUILD SUCCESSFUL in 9m
92 actionable tasks: 20 executed, 72 up-to-date
Consider enabling configuration cache to speed up this build: https://docs.gradle.org/9.6.0/userguide/configuration_cache_enabling.html
